<html>
<body>
<pre>
<h1>µVision Build Log</h1>
<h2>Tool Versions:</h2>
IDE-Version: ¦ÌVision V5.43.1.0
Copyright (C) 2025 ARM Ltd and ARM Germany GmbH. All rights reserved.
License Information: 1 szc, 1, LIC=----
 
Tool Versions:
Toolchain:       MDK-Lite  Version: 5.43.0.0
Toolchain Path:  E:\0study\keil5\ARM\ARMCC\Bin
C Compiler:      Armcc.exe V5.06 update 7 (build 960)
Assembler:       Armasm.exe V5.06 update 7 (build 960)
Linker/Locator:  ArmLink.exe V5.06 update 7 (build 960)
Library Manager: ArmAr.exe V5.06 update 7 (build 960)
Hex Converter:   FromElf.exe V5.06 update 7 (build 960)
CPU DLL:         SARMCM3.DLL V5.43.0.0
Dialog DLL:      DCM.DLL V1.17.5.0
Target DLL:      UL2CM3.DLL V1.164.16.0
Dialog DLL:      TCM.DLL V1.56.6.0
 
<h2>Project:</h2>
D:\GitHub\STM32study\³ÌĞò\°´Å¥¿ØÖÆLED\user\project.uvprojx
Project File Date:  05/23/2026

<h2>Output:</h2>
*** Using Compiler 'V5.06 update 7 (build 960)', folder: 'E:\0study\keil5\ARM\ARMCC\Bin'
Build target 'Target_1'
assembling startup_stm32f10x_md.s...
compiling main.c...
main.c(33): warning:  #1-D: last line of file ends without a newline
  }
main.c: 1 warning, 0 errors
compiling core_cm3.c...
compiling led.c...
compiling system_stm32f10x.c...
compiling misc.c...
compiling stm32f10x_gpio.c...
compiling stm32f10x_usart.c...
compiling delay.c...
..\bsp\delay.h(13): warning:  #1-D: last line of file ends without a newline
  // æ³¨æ„ï¼šç¡®ä¿æœ€åæœ‰ä¸€è¡Œç©ºè¡?
..\bsp\delay.c(58): warning:  #1-D: last line of file ends without a newline
  // æ³¨æ„ï¼šç¡®ä¿æœ€åæœ‰ä¸€è¡Œç©ºè¡?
..\bsp\delay.c: 2 warnings, 0 errors
compiling stm32f10x_rcc.c...
linking...
Program Size: Code=1044 RO-data=252 RW-data=0 ZI-data=1632  
FromELF: creating hex file...
".\Objects\project.axf" - 0 Error(s), 3 Warning(s).

<h2>Software Packages used:</h2>

Package Vendor: Keil
                https://www.keil.com/pack/Keil.STM32F1xx_DFP.2.4.1.pack
                Keil::STM32F1xx_DFP@2.4.1
                STMicroelectronics STM32F1 Series Device Support, Drivers and Examples

<h2>Collection of Component include folders:</h2>
  E:/0study/keil5/pack/Keil/STM32F1xx_DFP/2.4.1/Device/Include

<h2>Collection of Component Files used:</h2>
Build Time Elapsed:  00:00:01
</pre>
</body>
</html>
